2026-08-29 12:43:51.798 [warning] IWorkbenchContributionsRegistry#getContribution('windsurf.cascadePanel'): contribution instantiated before LifecyclePhase.Restored!
2026-08-29 12:43:51.823 [info] [WindsurfSettingsMigration] Successfully migrated windsurf.* settings to devin.*
2026-08-29 12:43:51.905 [info] Started initializing default profile extensions in extensions installation folder. file:///Users/christophe/.devin/extensions
2026-08-29 12:43:51.972 [info] Started local extension host with pid 14403.
2026-08-29 12:43:52.019 [info] Completed initializing default profile extensions in extensions installation folder. file:///Users/christophe/.devin/extensions
2026-08-29 12:43:52.029 [error] Extension 'ms-vscode.js-debug' appears in product.json but enables LESS API proposals than the extension wants.
package.json (LOSES): portsAttributes
workspaceTrust
tunnels
browser
product.json (WINS): portsAttributes
findTextInFiles
workspaceTrust
tunnels
DELTA: browser
2026-08-29 12:43:52.039 [warning] [codeium.windsurf]: Cannot register 'windsurf.marketplaceExtensionGalleryServiceURL'. This property is already registered.
2026-08-29 12:43:52.039 [warning] [codeium.windsurf]: Cannot register 'windsurf.marketplaceGalleryItemURL'. This property is already registered.
2026-08-29 12:43:52.631 [error] [Extension Host] (node:14403) [DEP0169] DeprecationWarning: `url.parse()` behavior is not standardized and prone to errors that have security implications. Use the WHATWG URL API instead. CVEs are not issued for `url.parse()` vulnerabilities.
(Use `Devin Helper (Plugin) --trace-deprecation ...` to show where the warning was created)
2026-08-29 12:43:52.727 [info] [DiffZone] BaselineResolution init, 0 existing repos
2026-08-29 12:43:52.727 [info] [AccountPolicyGate] apply: state=inactive, reason=undefined, isRestricted=false
2026-08-29 12:43:55.506 [info] [perf] Render performance baseline is 23ms
2026-08-29 12:43:57.730 [info] [AccountPolicyGate] apply: state=inactive, reason=undefined, isRestricted=false
2026-08-29 12:44:34.814 [error] [Extension Host] Failed to reload ACP connections on auth change: Error: command 'devin.reloadAcpConnections' not found
    at d3t._tryExecuteCommand (vscode-file://vscode-app/Applications/Devin.app/Contents/Resources/app/out/vs/workbench/workbench.desktop.main.js:24354:7359)
    at d3t.executeCommand (vscode-file://vscode-app/Applications/Devin.app/Contents/Resources/app/out/vs/workbench/workbench.desktop.main.js:24354:7259)
2026-08-29 12:44:34.924 [info] ChatSessionStore: Workspace transition from 1788000231034 to b7d4fce3eb977c4e57fecf37a8bc5aea
2026-08-29 12:44:34.928 [info] ChatSessionStore: Old storage location does not exist, skipping migration
2026-08-29 12:44:35.725 [error] [Extension Host] Failed to get command model configs: ConnectError: [unavailable] connect ECONNREFUSED 127.0.0.1:50062
	at n.from (/Applications/Devin.app/Contents/Resources/app/extensions/windsurf/dist/extension.js:2:8573682)
	at C (/Applications/Devin.app/Contents/Resources/app/extensions/windsurf/dist/extension.js:2:8518612)
	at ClientRequest.reject (/Applications/Devin.app/Contents/Resources/app/extensions/windsurf/dist/extension.js:2:8530916)
	at ClientRequest.emit (node:events:509:28)
	at emitErrorEvent (node:_http_client:109:11)
	at Socket.socketErrorListener (node:_http_client:593:5)
	at Socket.emit (node:events:509:28)
	at emitErrorNT (node:internal/streams/destroy:170:8)
	at emitErrorCloseNT (node:internal/streams/destroy:129:3)
	at process.processTicksAndRejections (node:internal/process/task_queues:90:21)
2026-08-29 12:44:35.841 [error] [Extension Host] Failed to get command model configs: ConnectError: [unavailable] connect ECONNREFUSED 127.0.0.1:50062
	at n.from (/Applications/Devin.app/Contents/Resources/app/extensions/windsurf/dist/extension.js:2:8573682)
	at C (/Applications/Devin.app/Contents/Resources/app/extensions/windsurf/dist/extension.js:2:8518612)
	at ClientRequest.reject (/Applications/Devin.app/Contents/Resources/app/extensions/windsurf/dist/extension.js:2:8530916)
	at ClientRequest.emit (node:events:509:28)
	at emitErrorEvent (node:_http_client:109:11)
	at Socket.socketErrorListener (node:_http_client:593:5)
	at Socket.emit (node:events:509:28)
	at emitErrorNT (node:internal/streams/destroy:170:8)
	at emitErrorCloseNT (node:internal/streams/destroy:129:3)
	at process.processTicksAndRejections (node:internal/process/task_queues:90:21)
2026-08-29 12:44:36.765 [error] An unknown error occurred. Please consult the log for more details.
