2026-08-31 01:29:17.258 [info] Extension host with pid 47292 started
2026-08-31 01:29:17.292 [info] ExtensionService#_doActivateExtension vscode.github-authentication, startup: false, activationEvent: 'onAuthenticationRequest:github'
2026-08-31 01:29:17.303 [info] ExtensionService#_doActivateExtension vscode.emmet, startup: false, activationEvent: 'onLanguage'
2026-08-31 01:29:17.309 [info] ExtensionService#_doActivateExtension codeium.windsurf, startup: false, activationEvent: 'onCommand:devin.importVSCodeRecentWorkspaces'
2026-08-31 01:29:17.483 [info] ExtensionService#_doActivateExtension vscode.git-base, startup: false, activationEvent: '*', root cause: vscode.git
2026-08-31 01:29:17.512 [info] ExtensionService#_doActivateExtension vscode.git, startup: false, activationEvent: '*'
2026-08-31 01:29:17.534 [info] ExtensionService#_doActivateExtension vscode.github, startup: false, activationEvent: '*'
2026-08-31 01:29:18.370 [info] Eager extensions activated
2026-08-31 01:29:18.385 [info] ExtensionService#_doActivateExtension vscode.debug-auto-launch, startup: false, activationEvent: 'onStartupFinished'
2026-08-31 01:29:18.386 [info] ExtensionService#_doActivateExtension vscode.merge-conflict, startup: false, activationEvent: 'onStartupFinished'
2026-08-31 01:29:18.395 [info] ExtensionService#_doActivateExtension Codeium.windsurf-dev-containers, startup: false, activationEvent: 'onStartupFinished'
2026-08-31 01:29:19.193 [info] ExtensionService#_doActivateExtension vscode.terminal-suggest, startup: false, activationEvent: 'onTerminalShellIntegration:*'
2026-08-31 01:29:19.459 [info] ExtensionService#_doActivateExtension vscode.configuration-editing, startup: false, activationEvent: 'onLanguage:json'
2026-08-31 01:29:19.462 [info] ExtensionService#_doActivateExtension vscode.extension-editing, startup: false, activationEvent: 'onLanguage:json'
2026-08-31 01:29:19.469 [info] ExtensionService#_doActivateExtension vscode.json-language-features, startup: false, activationEvent: 'onLanguage:json'
2026-08-31 01:29:19.496 [info] ExtensionService#_doActivateExtension vscode.npm, startup: false, activationEvent: 'onLanguage:json'
2026-08-31 01:29:30.976 [info] Extension host terminating: received terminate message from renderer
2026-08-31 01:29:30.988 [info] Extension host with pid 47292 exiting with code 0
2026-08-31 01:29:31.649 [info] Extension host with pid 47755 started
2026-08-31 01:29:31.649 [info] Skipping acquiring lock for /Users/christophe/Library/Application Support/Devin/User/workspaceStorage/0619069e6c9bb243e6646f6de7f85625.
2026-08-31 01:29:31.660 [info] ExtensionService#_doActivateExtension vscode.github-authentication, startup: false, activationEvent: 'onAuthenticationRequest:github'
2026-08-31 01:29:31.671 [info] ExtensionService#_doActivateExtension vscode.emmet, startup: false, activationEvent: 'onLanguage'
2026-08-31 01:29:31.706 [info] ExtensionService#_doActivateExtension vscode.git-base, startup: true, activationEvent: '*'
2026-08-31 01:29:31.707 [info] ExtensionService#_doActivateExtension codeium.windsurf, startup: true, activationEvent: '*'
2026-08-31 01:29:31.887 [info] ExtensionService#_doActivateExtension vscode.npm, startup: true, activationEvent: 'workspaceContains:package.json'
2026-08-31 01:29:31.906 [info] ExtensionService#_doActivateExtension vscode.github, startup: true, activationEvent: '*'
2026-08-31 01:29:32.620 [info] Eager extensions activated
2026-08-31 01:29:32.630 [info] ExtensionService#_doActivateExtension vscode.debug-auto-launch, startup: false, activationEvent: 'onStartupFinished'
2026-08-31 01:29:32.631 [info] ExtensionService#_doActivateExtension vscode.merge-conflict, startup: false, activationEvent: 'onStartupFinished'
2026-08-31 01:29:33.967 [info] ExtensionService#_doActivateExtension vscode.configuration-editing, startup: false, activationEvent: 'onLanguage:json'
2026-08-31 01:29:33.970 [info] ExtensionService#_doActivateExtension vscode.extension-editing, startup: false, activationEvent: 'onLanguage:json'
2026-08-31 01:29:33.975 [info] ExtensionService#_doActivateExtension vscode.json-language-features, startup: false, activationEvent: 'onLanguage:json'
2026-08-31 10:57:22.843 [info] Extension host terminating: received terminate message from renderer
2026-08-31 10:57:22.857 [info] Extension host with pid 47755 exiting with code 0
