2026-08-29 12:43:53.504 [info] 2026/08/29 12:43:53 maxprocs: Leaving GOMAXPROCS=8: CPU quota undefined
2026-08-29 12:43:53.612 [info] I0829 12:43:53.612259 14466 main.go:615] Setting GOMAXPROCS to 4
2026-08-29 12:43:53.613 [info] I0829 12:43:53.613398 14466 main.go:830] Starting language server process with pid 14466
2026-08-29 12:43:53.613 [info] I0829 12:43:53.613807 14466 server.go:376] Language server will attempt to listen on host 127.0.0.1
2026-08-29 12:43:53.614 [info] I0829 12:43:53.614045 14466 server.go:383] Language server listening on random port at 50062
2026-08-29 12:43:54.073 [info] I0829 12:43:54.072846 14466 server.go:530] Created extension server client at port 50055
2026-08-29 12:43:54.147 [info] (Devin) 2026-08-29 12:43:54.146 [INFO]: Language server started
2026-08-29 12:43:54.155 [info] (Devin) 2026-08-29 12:43:54.155 [INFO]: LS lspClient started successfully
2026-08-29 12:43:54.580 [info] (Devin) 2026-08-29 12:43:54.580 [INFO]: [windsurf#terminal] Shell integration DETECTED for managed
2026-08-29 12:44:33.373 [info] (Devin) 2026-08-29 12:44:33.373 [INFO]: [windsurf#terminal] Shell integration FAILED for unknown, reason: failedToSetStickyBit
2026-08-29 12:44:35.443 [info] (Devin) 2026-08-29 12:44:35.442 [ERROR]: LS lspClient stop error: JSON-RPC method not found
2026-08-29 12:44:35.444 [info] I0829 12:44:35.444868 14466 server.go:1563] Exit requested on language server process 14466
2026-08-29 12:44:35.445 [info] I0829 12:44:35.445123 14466 server.go:1516] Language server shutting down
2026-08-29 12:44:35.990 [info] (Devin) 2026-08-29 12:44:35.990 [INFO]: Language server exited with code 0
2026-08-29 12:44:35.991 [info] (Devin) 2026-08-29 12:44:35.990 [INFO]: Terminating language server process
2026-08-29 12:44:35.991 [info] (Devin) 2026-08-29 12:44:35.991 [INFO]: Successfully terminated language server
2026-08-29 12:44:36.005 [info] 2026/08/29 12:44:36 maxprocs: Leaving GOMAXPROCS=8: CPU quota undefined
2026-08-29 12:44:36.023 [info] I0829 12:44:36.023525 14865 main.go:615] Setting GOMAXPROCS to 4
2026-08-29 12:44:36.023 [info] I0829 12:44:36.023767 14865 main.go:830] Starting language server process with pid 14865
2026-08-29 12:44:36.023 [info] I0829 12:44:36.023903 14865 server.go:376] Language server will attempt to listen on host 127.0.0.1
2026-08-29 12:44:36.023 [info] I0829 12:44:36.023964 14865 server.go:383] Language server listening on fixed port at 50062
2026-08-29 12:44:36.617 [info] I0829 12:44:36.617486 14865 server.go:530] Created extension server client at port 50055
2026-08-29 12:44:36.660 [info] (Devin) 2026-08-29 12:44:36.659 [INFO]: Language server started
2026-08-29 12:44:36.663 [info] (Devin) 2026-08-29 12:44:36.663 [INFO]: LS lspClient started successfully
2026-08-29 12:44:48.633 [info] (Devin) 2026-08-29 12:44:48.632 [INFO]: Shutting down all 0 managed language servers
