2026-08-31 01:29:18.528 [info] 2026/08/31 01:29:18 maxprocs: Leaving GOMAXPROCS=8: CPU quota undefined
2026-08-31 01:29:18.630 [info] I0831 01:29:18.630445 47299 main.go:615] Setting GOMAXPROCS to 4
2026-08-31 01:29:18.631 [info] I0831 01:29:18.631527 47299 main.go:830] Starting language server process with pid 47299
2026-08-31 01:29:18.632 [info] I0831 01:29:18.632478 47299 server.go:376] Language server will attempt to listen on host 127.0.0.1
2026-08-31 01:29:18.632 [info] I0831 01:29:18.632736 47299 server.go:383] Language server listening on random port at 62369
2026-08-31 01:29:19.190 [info] I0831 01:29:19.190617 47299 server.go:530] Created extension server client at port 62362
2026-08-31 01:29:19.192 [info] (Devin) 2026-08-31 01:29:19.192 [INFO]: [windsurf#terminal] Shell integration DETECTED for unknown
2026-08-31 01:29:19.249 [info] (Devin) 2026-08-31 01:29:19.249 [INFO]: Language server started
2026-08-31 01:29:19.258 [info] (Devin) 2026-08-31 01:29:19.258 [INFO]: LS lspClient started successfully
2026-08-31 01:29:20.036 [info] (Devin) 2026-08-31 01:29:20.036 [INFO]: [windsurf#terminal] Shell integration DETECTED for managed
2026-08-31 01:29:30.984 [info] (Devin) 2026-08-31 01:29:30.983 [INFO]: Shutting down all 0 managed language servers
2026-08-31 01:29:32.693 [info] 2026/08/31 01:29:32 maxprocs: Leaving GOMAXPROCS=8: CPU quota undefined
2026-08-31 01:29:32.710 [info] I0831 01:29:32.710073 47759 main.go:615] Setting GOMAXPROCS to 4
2026-08-31 01:29:32.710 [info] I0831 01:29:32.710206 47759 main.go:830] Starting language server process with pid 47759
2026-08-31 01:29:32.710 [info] I0831 01:29:32.710326 47759 server.go:376] Language server will attempt to listen on host 127.0.0.1
2026-08-31 01:29:32.710 [info] I0831 01:29:32.710386 47759 server.go:383] Language server listening on random port at 62577
2026-08-31 01:29:33.270 [info] I0831 01:29:33.270492 47759 server.go:530] Created extension server client at port 62571
2026-08-31 01:29:33.316 [info] (Devin) 2026-08-31 01:29:33.316 [INFO]: Language server started
2026-08-31 01:29:33.324 [info] (Devin) 2026-08-31 01:29:33.324 [INFO]: LS lspClient started successfully
2026-08-31 01:29:41.704 [info] (Devin) 2026-08-31 01:29:41.704 [ERROR]: LS lspClient stop error: JSON-RPC method not found
2026-08-31 01:29:41.705 [info] I0831 01:29:41.705544 47759 server.go:1563] Exit requested on language server process 47759
2026-08-31 01:29:41.705 [info] I0831 01:29:41.705603 47759 server.go:1516] Language server shutting down
2026-08-31 01:29:42.708 [info] (Devin) 2026-08-31 01:29:42.706 [INFO]: Terminating language server process
2026-08-31 01:29:42.708 [info] (Devin) 2026-08-31 01:29:42.707 [INFO]: Successfully terminated language server
2026-08-31 01:29:42.757 [info] W0831 01:29:42.708880 47759 main.go:834] Received terminated, initiating shutdown
2026-08-31 01:29:42.757 [info] (Devin) 2026-08-31 01:29:42.757 [INFO]: Language server exited with code 0
2026-08-31 01:29:42.770 [info] 2026/08/31 01:29:42 maxprocs: Leaving GOMAXPROCS=8: CPU quota undefined
2026-08-31 01:29:42.789 [info] I0831 01:29:42.789395 47783 main.go:615] Setting GOMAXPROCS to 4
2026-08-31 01:29:42.789 [info] I0831 01:29:42.789541 47783 main.go:830] Starting language server process with pid 47783
2026-08-31 01:29:42.789 [info] I0831 01:29:42.789670 47783 server.go:376] Language server will attempt to listen on host 127.0.0.1
2026-08-31 01:29:42.789 [info] I0831 01:29:42.789747 47783 server.go:383] Language server listening on fixed port at 62577
2026-08-31 01:29:43.341 [info] I0831 01:29:43.341119 47783 server.go:530] Created extension server client at port 62571
2026-08-31 01:29:43.383 [info] (Devin) 2026-08-31 01:29:43.382 [INFO]: Language server started
2026-08-31 01:29:43.386 [info] (Devin) 2026-08-31 01:29:43.386 [INFO]: LS lspClient started successfully
2026-08-31 10:57:22.855 [info] (Devin) 2026-08-31 10:57:22.854 [INFO]: Shutting down all 0 managed language servers
