2026-08-29 12:43:52.296 [info] Extension host with pid 14403 started
2026-08-29 12:43:52.313 [info] ExtensionService#_doActivateExtension vscode.github-authentication, startup: false, activationEvent: 'onAuthenticationRequest:github'
2026-08-29 12:43:52.324 [info] ExtensionService#_doActivateExtension vscode.git-base, startup: false, activationEvent: '*', root cause: vscode.git
2026-08-29 12:43:52.325 [info] ExtensionService#_doActivateExtension codeium.windsurf, startup: false, activationEvent: '*'
2026-08-29 12:43:52.507 [info] ExtensionService#_doActivateExtension vscode.emmet, startup: false, activationEvent: 'onLanguage'
2026-08-29 12:43:52.513 [info] ExtensionService#_doActivateExtension vscode.configuration-editing, startup: false, activationEvent: 'onLanguage:jsonc'
2026-08-29 12:43:52.516 [info] ExtensionService#_doActivateExtension vscode.json-language-features, startup: false, activationEvent: 'onLanguage:jsonc'
2026-08-29 12:43:52.541 [info] ExtensionService#_doActivateExtension vscode.typescript-language-features, startup: false, activationEvent: 'onLanguage:jsonc'
2026-08-29 12:43:52.589 [info] ExtensionService#_doActivateExtension vscode.git, startup: false, activationEvent: '*'
2026-08-29 12:43:52.612 [info] ExtensionService#_doActivateExtension vscode.github, startup: false, activationEvent: '*'
2026-08-29 12:43:53.387 [info] Eager extensions activated
2026-08-29 12:43:53.414 [info] ExtensionService#_doActivateExtension vscode.debug-auto-launch, startup: false, activationEvent: 'onStartupFinished'
2026-08-29 12:43:53.415 [info] ExtensionService#_doActivateExtension vscode.merge-conflict, startup: false, activationEvent: 'onStartupFinished'
2026-08-29 12:43:53.422 [info] ExtensionService#_doActivateExtension Codeium.windsurf-dev-containers, startup: false, activationEvent: 'onStartupFinished'
2026-08-29 12:44:34.814 [info] ExtensionService#_doActivateExtension vscode.extension-editing, startup: false, activationEvent: 'onLanguage:json'
2026-08-29 12:44:34.823 [info] ExtensionService#_doActivateExtension vscode.npm, startup: false, activationEvent: 'onLanguage:json'
2026-08-29 12:44:35.762 [error] ConnectError: [unavailable] connect ECONNREFUSED 127.0.0.1:50062
	at n.from (/Applications/Devin.app/Contents/Resources/app/extensions/windsurf/dist/extension.js:2:8573682)
	at C (/Applications/Devin.app/Contents/Resources/app/extensions/windsurf/dist/extension.js:2:8518612)
	at ClientRequest.reject (/Applications/Devin.app/Contents/Resources/app/extensions/windsurf/dist/extension.js:2:8530916)
	at ClientRequest.emit (node:events:509:28)
	at emitErrorEvent (node:_http_client:109:11)
	at Socket.socketErrorListener (node:_http_client:593:5)
	at Socket.emit (node:events:509:28)
	at emitErrorNT (node:internal/streams/destroy:170:8)
	at emitErrorCloseNT (node:internal/streams/destroy:129:3)
	at process.processTicksAndRejections (node:internal/process/task_queues:90:21) devin.updatePlanInfo {"value":"codeium.windsurf","_lower":"codeium.windsurf"}
2026-08-29 12:44:35.858 [error] ConnectError: [unavailable] connect ECONNREFUSED 127.0.0.1:50062
	at n.from (/Applications/Devin.app/Contents/Resources/app/extensions/windsurf/dist/extension.js:2:8573682)
	at C (/Applications/Devin.app/Contents/Resources/app/extensions/windsurf/dist/extension.js:2:8518612)
	at ClientRequest.reject (/Applications/Devin.app/Contents/Resources/app/extensions/windsurf/dist/extension.js:2:8530916)
	at ClientRequest.emit (node:events:509:28)
	at emitErrorEvent (node:_http_client:109:11)
	at Socket.socketErrorListener (node:_http_client:593:5)
	at Socket.emit (node:events:509:28)
	at emitErrorNT (node:internal/streams/destroy:170:8)
	at emitErrorCloseNT (node:internal/streams/destroy:129:3)
	at process.processTicksAndRejections (node:internal/process/task_queues:90:21) devin.updatePlanInfo {"value":"codeium.windsurf","_lower":"codeium.windsurf"}
2026-08-29 12:44:36.764 [error] ConnectError: [unavailable] connect ECONNREFUSED 127.0.0.1:50062
	at n.from (/Applications/Devin.app/Contents/Resources/app/extensions/windsurf/dist/extension.js:2:8573682)
	at C (/Applications/Devin.app/Contents/Resources/app/extensions/windsurf/dist/extension.js:2:8518612)
	at ClientRequest.reject (/Applications/Devin.app/Contents/Resources/app/extensions/windsurf/dist/extension.js:2:8530916)
	at ClientRequest.emit (node:events:509:28)
	at emitErrorEvent (node:_http_client:109:11)
	at Socket.socketErrorListener (node:_http_client:593:5)
	at Socket.emit (node:events:509:28)
	at emitErrorNT (node:internal/streams/destroy:170:8)
	at emitErrorCloseNT (node:internal/streams/destroy:129:3)
	at process.processTicksAndRejections (node:internal/process/task_queues:90:21)
2026-08-29 12:44:36.859 [error] ConnectError: [unavailable] connect ECONNREFUSED 127.0.0.1:50062
	at n.from (/Applications/Devin.app/Contents/Resources/app/extensions/windsurf/dist/extension.js:2:8573682)
	at C (/Applications/Devin.app/Contents/Resources/app/extensions/windsurf/dist/extension.js:2:8518612)
	at ClientRequest.reject (/Applications/Devin.app/Contents/Resources/app/extensions/windsurf/dist/extension.js:2:8530916)
	at ClientRequest.emit (node:events:509:28)
	at emitErrorEvent (node:_http_client:109:11)
	at Socket.socketErrorListener (node:_http_client:593:5)
	at Socket.emit (node:events:509:28)
	at emitErrorNT (node:internal/streams/destroy:170:8)
	at emitErrorCloseNT (node:internal/streams/destroy:129:3)
	at process.processTicksAndRejections (node:internal/process/task_queues:90:21)
2026-08-29 12:44:48.622 [info] Extension host terminating: received terminate message from renderer
2026-08-29 12:44:48.637 [info] Extension host with pid 14403 exiting with code 0
